// Jest Snapshot v1, for DataTable.test.tsx
exports[`DataTable renders table correctly 1`] = `
<table>
  <thead>
    <tr>
      <th>Select</th>
      <th>Name</th>
      <th>Age</th>
    </tr>
  </thead>
  <tbody>
    <tr>
      <td><input type="checkbox" /></td>
      <td>John Doe</td>
      <td>30</td>
    </tr>
    <tr>
      <td><input type="checkbox" /></td>
      <td>Jane Smith</td>
      <td>25</td>
    </tr>
  </tbody>
</table>
`;
